#if os(iOS) || os(tvOS)
  print("please ignore me")
#endif

func someCode() -> Bool {
  if ProcessInfo.processInfo.environment[
    "sampleWithLogicalOperators_ChangeLogicalConnector_6_18_101"] != nil
  {
    return false || false
  } else {
    return false && false
  }
}

func someOtherCode() -> Bool {
  if ProcessInfo.processInfo.environment[
    "sampleWithLogicalOperators_ChangeLogicalConnector_10_17_160"] != nil
  {
    return true && true
  } else {
    return true || true
  }
}

func isEnabledToShow() -> Bool {
  // バルーンの表示判定
  if ProcessInfo.processInfo.environment[
    "sampleWithLogicalOperators_ChangeLogicalConnector_15_18_256"] != nil
  {
    // バルーンの表示判定
    return false || false
    // バルーンの表示判定
  } else {
    // バルーンの表示判定
    return false && false
    // バルーンの表示判定
  }
}
